MPLINK 5.08, LINKER
Linker Map File - Created Tue May 29 00:39:32 2018

                                 Section Info
                  Section       Type    Address   Location Size(Bytes)
                ---------  ---------  ---------  ---------  ---------
                   .org_0       code   0x000000    program   0x000000
                   .org_1       code   0x000000    program   0x000002
                   .org_2       code   0x000004    program   0x0005e8
     .config_2007_VAZIO.O       code   0x002007    program   0x000002



                              Program Memory Usage 
                               Start         End      
                           ---------   ---------      
                            0x000000    0x000000      
                            0x000004    0x0002f7      
                            0x002007    0x002007      
            758 out of 8454 program addresses used, program memory utilization is 8%



                              Symbols - Sorted by Name
                     Name    Address   Location    Storage File                     
                ---------  ---------  ---------  --------- ---------                
                      AD1   0x0002b3    program     static D:\Usuario\kened\Google Drive\Universidade\Microcontroladores\proj3\Projetao.X\vazio.asm
                      AD2   0x0002a1    program     static D:\Usuario\kened\Google Drive\Universidade\Microcontroladores\proj3\Projetao.X\vazio.asm
            ANTERIOR_MENU   0x0000a1    program     static D:\Usuario\kened\Google Drive\Universidade\Microcontroladores\proj3\Projetao.X\vazio.asm
                      BT1   0x000283    program     static D:\Usuario\kened\Google Drive\Universidade\Microcontroladores\proj3\Projetao.X\vazio.asm
                      BT2   0x000288    program     static D:\Usuario\kened\Google Drive\Universidade\Microcontroladores\proj3\Projetao.X\vazio.asm
                      BT3   0x00028d    program     static D:\Usuario\kened\Google Drive\Universidade\Microcontroladores\proj3\Projetao.X\vazio.asm
                      BT4   0x000292    program     static D:\Usuario\kened\Google Drive\Universidade\Microcontroladores\proj3\Projetao.X\vazio.asm
                      BT5   0x000297    program     static D:\Usuario\kened\Google Drive\Universidade\Microcontroladores\proj3\Projetao.X\vazio.asm
                    CARGA   0x0002f4    program     static D:\Usuario\kened\Google Drive\Universidade\Microcontroladores\proj3\Projetao.X\vazio.asm
              CONFIG_INIT   0x0002c2    program     static D:\Usuario\kened\Google Drive\Universidade\Microcontroladores\proj3\Projetao.X\vazio.asm
              DELAY_MICRO   0x000012    program     static D:\Usuario\kened\Google Drive\Universidade\Microcontroladores\proj3\Projetao.X\vazio.asm
               DELAY_MILE   0x000005    program     static D:\Usuario\kened\Google Drive\Universidade\Microcontroladores\proj3\Projetao.X\vazio.asm
                   DIVIDE   0x0002ba    program     static D:\Usuario\kened\Google Drive\Universidade\Microcontroladores\proj3\Projetao.X\vazio.asm
               DIVIDE_128   0x0002ac    program     static D:\Usuario\kened\Google Drive\Universidade\Microcontroladores\proj3\Projetao.X\vazio.asm
               DIVIDE_FIM   0x0002c0    program     static D:\Usuario\kened\Google Drive\Universidade\Microcontroladores\proj3\Projetao.X\vazio.asm
              DIVIDE_LOOP   0x0002bb    program     static D:\Usuario\kened\Google Drive\Universidade\Microcontroladores\proj3\Projetao.X\vazio.asm
                     ESC1   0x0000bf    program     static D:\Usuario\kened\Google Drive\Universidade\Microcontroladores\proj3\Projetao.X\vazio.asm
                     ESC2   0x0000fc    program     static D:\Usuario\kened\Google Drive\Universidade\Microcontroladores\proj3\Projetao.X\vazio.asm
                     ESC3   0x000139    program     static D:\Usuario\kened\Google Drive\Universidade\Microcontroladores\proj3\Projetao.X\vazio.asm
                     ESC4   0x000176    program     static D:\Usuario\kened\Google Drive\Universidade\Microcontroladores\proj3\Projetao.X\vazio.asm
                     ESC5   0x0001b3    program     static D:\Usuario\kened\Google Drive\Universidade\Microcontroladores\proj3\Projetao.X\vazio.asm
                  ESCREVE   0x000055    program     static D:\Usuario\kened\Google Drive\Universidade\Microcontroladores\proj3\Projetao.X\vazio.asm
               FAZ_MEDIDA   0x000298    program     static D:\Usuario\kened\Google Drive\Universidade\Microcontroladores\proj3\Projetao.X\vazio.asm
       INICIALIZA_DISPLAY   0x00001a    program     static D:\Usuario\kened\Google Drive\Universidade\Microcontroladores\proj3\Projetao.X\vazio.asm
                   INICIO   0x0002de    program     static D:\Usuario\kened\Google Drive\Universidade\Microcontroladores\proj3\Projetao.X\vazio.asm
                     MAIN   0x0002d9    program     static D:\Usuario\kened\Google Drive\Universidade\Microcontroladores\proj3\Projetao.X\vazio.asm
              MOSTRA_MENU   0x000219    program     static D:\Usuario\kened\Google Drive\Universidade\Microcontroladores\proj3\Projetao.X\vazio.asm
           MOSTRA_SUBMENU   0x0000ab    program     static D:\Usuario\kened\Google Drive\Universidade\Microcontroladores\proj3\Projetao.X\vazio.asm
             PROXIMO_MENU   0x000096    program     static D:\Usuario\kened\Google Drive\Universidade\Microcontroladores\proj3\Projetao.X\vazio.asm
           SELECIONA_MENU   0x00026e    program     static D:\Usuario\kened\Google Drive\Universidade\Microcontroladores\proj3\Projetao.X\vazio.asm
             SHIFT_CURSOR   0x000090    program     static D:\Usuario\kened\Google Drive\Universidade\Microcontroladores\proj3\Projetao.X\vazio.asm
            SHIFT_DISPLAY   0x00008b    program     static D:\Usuario\kened\Google Drive\Universidade\Microcontroladores\proj3\Projetao.X\vazio.asm
                    VARRE   0x0002e0    program     static D:\Usuario\kened\Google Drive\Universidade\Microcontroladores\proj3\Projetao.X\vazio.asm
              VARRE_BOTAO   0x0001f0    program     static D:\Usuario\kened\Google Drive\Universidade\Microcontroladores\proj3\Projetao.X\vazio.asm
                    VOLTA   0x000006    program     static D:\Usuario\kened\Google Drive\Universidade\Microcontroladores\proj3\Projetao.X\vazio.asm



                              Symbols - Sorted by Address
                     Name    Address   Location    Storage File                     
                ---------  ---------  ---------  --------- ---------                
               DELAY_MILE   0x000005    program     static D:\Usuario\kened\Google Drive\Universidade\Microcontroladores\proj3\Projetao.X\vazio.asm
                    VOLTA   0x000006    program     static D:\Usuario\kened\Google Drive\Universidade\Microcontroladores\proj3\Projetao.X\vazio.asm
              DELAY_MICRO   0x000012    program     static D:\Usuario\kened\Google Drive\Universidade\Microcontroladores\proj3\Projetao.X\vazio.asm
       INICIALIZA_DISPLAY   0x00001a    program     static D:\Usuario\kened\Google Drive\Universidade\Microcontroladores\proj3\Projetao.X\vazio.asm
                  ESCREVE   0x000055    program     static D:\Usuario\kened\Google Drive\Universidade\Microcontroladores\proj3\Projetao.X\vazio.asm
            SHIFT_DISPLAY   0x00008b    program     static D:\Usuario\kened\Google Drive\Universidade\Microcontroladores\proj3\Projetao.X\vazio.asm
             SHIFT_CURSOR   0x000090    program     static D:\Usuario\kened\Google Drive\Universidade\Microcontroladores\proj3\Projetao.X\vazio.asm
             PROXIMO_MENU   0x000096    program     static D:\Usuario\kened\Google Drive\Universidade\Microcontroladores\proj3\Projetao.X\vazio.asm
            ANTERIOR_MENU   0x0000a1    program     static D:\Usuario\kened\Google Drive\Universidade\Microcontroladores\proj3\Projetao.X\vazio.asm
           MOSTRA_SUBMENU   0x0000ab    program     static D:\Usuario\kened\Google Drive\Universidade\Microcontroladores\proj3\Projetao.X\vazio.asm
                     ESC1   0x0000bf    program     static D:\Usuario\kened\Google Drive\Universidade\Microcontroladores\proj3\Projetao.X\vazio.asm
                     ESC2   0x0000fc    program     static D:\Usuario\kened\Google Drive\Universidade\Microcontroladores\proj3\Projetao.X\vazio.asm
                     ESC3   0x000139    program     static D:\Usuario\kened\Google Drive\Universidade\Microcontroladores\proj3\Projetao.X\vazio.asm
                     ESC4   0x000176    program     static D:\Usuario\kened\Google Drive\Universidade\Microcontroladores\proj3\Projetao.X\vazio.asm
                     ESC5   0x0001b3    program     static D:\Usuario\kened\Google Drive\Universidade\Microcontroladores\proj3\Projetao.X\vazio.asm
              VARRE_BOTAO   0x0001f0    program     static D:\Usuario\kened\Google Drive\Universidade\Microcontroladores\proj3\Projetao.X\vazio.asm
              MOSTRA_MENU   0x000219    program     static D:\Usuario\kened\Google Drive\Universidade\Microcontroladores\proj3\Projetao.X\vazio.asm
           SELECIONA_MENU   0x00026e    program     static D:\Usuario\kened\Google Drive\Universidade\Microcontroladores\proj3\Projetao.X\vazio.asm
                      BT1   0x000283    program     static D:\Usuario\kened\Google Drive\Universidade\Microcontroladores\proj3\Projetao.X\vazio.asm
                      BT2   0x000288    program     static D:\Usuario\kened\Google Drive\Universidade\Microcontroladores\proj3\Projetao.X\vazio.asm
                      BT3   0x00028d    program     static D:\Usuario\kened\Google Drive\Universidade\Microcontroladores\proj3\Projetao.X\vazio.asm
                      BT4   0x000292    program     static D:\Usuario\kened\Google Drive\Universidade\Microcontroladores\proj3\Projetao.X\vazio.asm
                      BT5   0x000297    program     static D:\Usuario\kened\Google Drive\Universidade\Microcontroladores\proj3\Projetao.X\vazio.asm
               FAZ_MEDIDA   0x000298    program     static D:\Usuario\kened\Google Drive\Universidade\Microcontroladores\proj3\Projetao.X\vazio.asm
                      AD2   0x0002a1    program     static D:\Usuario\kened\Google Drive\Universidade\Microcontroladores\proj3\Projetao.X\vazio.asm
               DIVIDE_128   0x0002ac    program     static D:\Usuario\kened\Google Drive\Universidade\Microcontroladores\proj3\Projetao.X\vazio.asm
                      AD1   0x0002b3    program     static D:\Usuario\kened\Google Drive\Universidade\Microcontroladores\proj3\Projetao.X\vazio.asm
                   DIVIDE   0x0002ba    program     static D:\Usuario\kened\Google Drive\Universidade\Microcontroladores\proj3\Projetao.X\vazio.asm
              DIVIDE_LOOP   0x0002bb    program     static D:\Usuario\kened\Google Drive\Universidade\Microcontroladores\proj3\Projetao.X\vazio.asm
               DIVIDE_FIM   0x0002c0    program     static D:\Usuario\kened\Google Drive\Universidade\Microcontroladores\proj3\Projetao.X\vazio.asm
              CONFIG_INIT   0x0002c2    program     static D:\Usuario\kened\Google Drive\Universidade\Microcontroladores\proj3\Projetao.X\vazio.asm
                     MAIN   0x0002d9    program     static D:\Usuario\kened\Google Drive\Universidade\Microcontroladores\proj3\Projetao.X\vazio.asm
                   INICIO   0x0002de    program     static D:\Usuario\kened\Google Drive\Universidade\Microcontroladores\proj3\Projetao.X\vazio.asm
                    VARRE   0x0002e0    program     static D:\Usuario\kened\Google Drive\Universidade\Microcontroladores\proj3\Projetao.X\vazio.asm
                    CARGA   0x0002f4    program     static D:\Usuario\kened\Google Drive\Universidade\Microcontroladores\proj3\Projetao.X\vazio.asm


